2025-12-04 13:59:41 [INFO] MediaCrawler: [XiaoHongShuCrawler] 使用标准模式启动浏览器
2025-12-04 13:59:41 [INFO] MediaCrawler: [XiaoHongShuCrawler.launch_browser] Begin create browser context ...
2025-12-04 13:59:45 [INFO] MediaCrawler: [XiaoHongShuCrawler.create_xhs_client] Begin create xiaohongshu API client ...
2025-12-04 13:59:45 [INFO] MediaCrawler: [XiaoHongShuClient.pong] Begin to pong xhs...
2025-12-04 13:59:47 [INFO] MediaCrawler: [XiaoHongShuCrawler.get_specified_notes] Parse note url info: note_id='686923d9000000000b02ffdf' xsec_token='ABd4EbuyaZxCNQaIg7UNbElmdwo0cY86oUeVsK-NVCfNo=' xsec_source=''
2025-12-04 13:59:47 [INFO] MediaCrawler: [XiaoHongShuCrawler.get_specified_notes] Parse note url info: note_id='68298dc40000000023003401' xsec_token='ABn0npNkS9z0VPAADoHFQFLVe20pmjmj7snBbzDki_GuE=' xsec_source=''
2025-12-04 13:59:47 [INFO] MediaCrawler: [XiaoHongShuCrawler.get_specified_notes] Parse note url info: note_id='687262440000000017030bff' xsec_token='ABKm3WxjJ_UvKDKqRtbJ0Y_AqPrmnoovP_7SBpEhQBw_4=' xsec_source=''
2025-12-04 13:59:47 [INFO] MediaCrawler: [XiaoHongShuCrawler.get_specified_notes] Parse note url info: note_id='6877302300000000220336f3' xsec_token='ABuE4pTiLTE43WUhcx2_K-UO0cDSxuxpZmL6eRnqWMdOA=' xsec_source=''
2025-12-04 13:59:47 [INFO] MediaCrawler: [XiaoHongShuCrawler.get_specified_notes] Parse note url info: note_id='680c69be000000001c031271' xsec_token='ABI53UIR7PL7Cgw_tIzbUDb1P-cIBNVwRut9jVeh2XhEQ=' xsec_source=''
2025-12-04 13:59:47 [INFO] MediaCrawler: [XiaoHongShuCrawler.get_specified_notes] Parse note url info: note_id='6896ca75000000002302bbaa' xsec_token='ABj-U40oAwF118kh4S6MY5SvkrgOIywddteoCh02eACxY=' xsec_source=''
2025-12-04 13:59:47 [INFO] MediaCrawler: [XiaoHongShuCrawler.get_specified_notes] Parse note url info: note_id='692a9a06000000001e00d24c' xsec_token='AB_uS4_aerrpMOBR1VU6Q7FFzO3ghhBah8gZk3n7oCOnc=' xsec_source=''
2025-12-04 13:59:47 [INFO] MediaCrawler: [XiaoHongShuCrawler.get_specified_notes] Parse note url info: note_id='6873220200000000170366b3' xsec_token='ABPKPIDPhCuBP6xWatKQztuk0oXyIvx7FxMno8NSRio-8=' xsec_source=''
2025-12-04 13:59:47 [INFO] MediaCrawler: [XiaoHongShuCrawler.get_specified_notes] Parse note url info: note_id='6854cbc70000000015023851' xsec_token='ABcP8h6b6YOPlQUguHpC5wko6Hk_15kfjUeADz5LIqyf8=' xsec_source=''
2025-12-04 13:59:47 [INFO] MediaCrawler: [get_note_detail_async_task] Begin get note detail, note_id: 686923d9000000000b02ffdf
2025-12-04 13:59:47 [INFO] MediaCrawler: [get_note_detail_async_task] Begin get note detail, note_id: 68298dc40000000023003401
2025-12-04 13:59:47 [INFO] MediaCrawler: [get_note_detail_async_task] Begin get note detail, note_id: 687262440000000017030bff
2025-12-04 13:59:47 [INFO] MediaCrawler: [get_note_detail_async_task] Begin get note detail, note_id: 6877302300000000220336f3
2025-12-04 13:59:47 [INFO] MediaCrawler: [get_note_detail_async_task] Begin get note detail, note_id: 680c69be000000001c031271
2025-12-04 13:59:47 [INFO] MediaCrawler: [get_note_detail_async_task] Begin get note detail, note_id: 6896ca75000000002302bbaa
2025-12-04 13:59:47 [INFO] MediaCrawler: [get_note_detail_async_task] Begin get note detail, note_id: 692a9a06000000001e00d24c
2025-12-04 13:59:47 [INFO] MediaCrawler: [get_note_detail_async_task] Begin get note detail, note_id: 6873220200000000170366b3
2025-12-04 13:59:47 [INFO] MediaCrawler: [get_note_detail_async_task] Begin get note detail, note_id: 6854cbc70000000015023851
2025-12-04 13:59:57 [INFO] MediaCrawler: [get_note_detail_async_task] Sleeping for 2 seconds after fetching note 686923d9000000000b02ffdf
2025-12-04 13:59:57 [INFO] MediaCrawler: [get_note_detail_async_task] Sleeping for 2 seconds after fetching note 6877302300000000220336f3
2025-12-04 13:59:57 [INFO] MediaCrawler: [get_note_detail_async_task] Sleeping for 2 seconds after fetching note 687262440000000017030bff
2025-12-04 13:59:57 [INFO] MediaCrawler: [get_note_detail_async_task] Sleeping for 2 seconds after fetching note 692a9a06000000001e00d24c
2025-12-04 13:59:57 [INFO] MediaCrawler: [get_note_detail_async_task] Sleeping for 2 seconds after fetching note 6854cbc70000000015023851
2025-12-04 13:59:57 [INFO] MediaCrawler: [get_note_detail_async_task] Sleeping for 2 seconds after fetching note 6896ca75000000002302bbaa
2025-12-04 13:59:57 [INFO] MediaCrawler: [get_note_detail_async_task] Sleeping for 2 seconds after fetching note 68298dc40000000023003401
2025-12-04 13:59:57 [INFO] MediaCrawler: [get_note_detail_async_task] Sleeping for 2 seconds after fetching note 680c69be000000001c031271
2025-12-04 13:59:57 [INFO] MediaCrawler: [get_note_detail_async_task] Sleeping for 2 seconds after fetching note 6873220200000000170366b3
2025-12-04 13:59:57 [INFO] MediaCrawler: [store.xhs.update_xhs_note] xhs note: {'note_id': '686923d9000000000b02ffdf', 'type': 'normal', 'title': '茶百道现场已失控', 'desc': '美团大战的结果\n#外卖[话题]##0元[话题]##美团[话题]#', 'video_url': '', 'time': 1751720921000, 'last_update_time': 1755059207000, 'user_id': '5e78cf23000000000100445c', 'nickname': '小希baby', 'avatar': 'https://sns-avatar-qc.xhscdn.com/avatar/1040g2jo3131f07p8k2105njopshg8h2sc2kkhsg', 'liked_count': '1.8万', 'collected_count': '2640', 'comment_count': '7501', 'share_count': '3.6万', 'ip_location': '', 'image_list': 'http://sns-webpic-qc.xhscdn.com/202512041359/23cb23aa72936878b98775d77e5f3a72/1040g2sg31l43lo93ige05njopshg8h2s5br8tig!nd_dft_wlteh_webp_3,http://sns-webpic-qc.xhscdn.com/202512041359/01f01b9b695530b5a94240c018f83748/1040g00831kqvc8kpk8205njopshg8h2satt8nqg!nd_dft_wlteh_webp_3', 'tag_list': '外卖,0元,美团', 'last_modify_ts': 1764827997269, 'note_url': 'https://www.xiaohongshu.com/explore/686923d9000000000b02ffdf?xsec_token=ABd4EbuyaZxCNQaIg7UNbElmdwo0cY86oUeVsK-NVCfNo=&xsec_source=pc_search', 'source_keyword': '', 'xsec_token': 'ABd4EbuyaZxCNQaIg7UNbElmdwo0cY86oUeVsK-NVCfNo='}
2025-12-04 13:59:57 [INFO] MediaCrawler: [XiaoHongShuCrawler.get_notice_media] Crawling image mode is not enabled
2025-12-04 13:59:57 [INFO] MediaCrawler: [store.xhs.update_xhs_note] xhs note: {'note_id': '68298dc40000000023003401', 'type': 'normal', 'title': '求求我自己别喝了……', 'desc': '外卖大战导致我意外摄入2块钱的奶茶，结果昨天碰到了一个高脂血症患者，血抽出来就像加了奶盖的奶茶[完啦R]\n不喝了，真的不喝了[完啦R][完啦R]\n#外卖大战[话题]# #奶茶[话题]# #高脂血症[话题]# #大基数减肥[话题]# #胰岛素抵抗[话题]#', 'video_url': '', 'time': 1747553732000, 'last_update_time': 1747553733000, 'user_id': '563d661b9eb5784c686db1d3', 'nickname': '陈不沉的减脂日记', 'avatar': 'https://sns-avatar-qc.xhscdn.com/avatar/1040g2jo31hn7b7uak200426sgcj1ncejm21kqr8', 'liked_count': '1.5万', 'collected_count': '1001', 'comment_count': '6462', 'share_count': '2.4万', 'ip_location': '', 'image_list': 'http://sns-webpic-qc.xhscdn.com/202512041359/9a145c7ba4bd788b9c0fb64b8e74f097/notes_pre_post/1040g3k031hk8mg5ija00426sgcj1ncejnqi4e38!nd_dft_wlteh_webp_3', 'tag_list': '外卖大战,奶茶,高脂血症,大基数减肥,胰岛素抵抗', 'last_modify_ts': 1764827997996, 'note_url': 'https://www.xiaohongshu.com/explore/68298dc40000000023003401?xsec_token=ABn0npNkS9z0VPAADoHFQFLVe20pmjmj7snBbzDki_GuE=&xsec_source=pc_search', 'source_keyword': '', 'xsec_token': 'ABn0npNkS9z0VPAADoHFQFLVe20pmjmj7snBbzDki_GuE='}
2025-12-04 13:59:57 [INFO] MediaCrawler: [XiaoHongShuCrawler.get_notice_media] Crawling image mode is not enabled
2025-12-04 13:59:58 [INFO] MediaCrawler: [store.xhs.update_xhs_note] xhs note: {'note_id': '687262440000000017030bff', 'type': 'normal', 'title': '美团外卖大战真的是空前的浪费', 'desc': '人手一两张自取的免费券，来店里看了一下，很多都是白天线上点的，但是没有人来取[笑哭R]\n#美团[话题]# #美团外卖[话题]# #蜜雪冰城[话题]#', 'video_url': '', 'time': 1752326724000, 'last_update_time': 1752326725000, 'user_id': '5657133a4476081d8e0c6ee7', 'nickname': '阿中啊', 'avatar': 'https://sns-avatar-qc.xhscdn.com/avatar/1040g2jo30thisa49ke6g4350na9jkrn7ou9j008', 'liked_count': '610', 'collected_count': '132', 'comment_count': '1680', 'share_count': '466', 'ip_location': '', 'image_list': 'http://sns-webpic-qc.xhscdn.com/202512041359/9e0807c0f5fe25ba9aeda2dd6a04597a/notes_pre_post/1040g3k031jrcnlqaj0604350na9jkrn7srelpfg!nd_dft_wlteh_webp_3', 'tag_list': '美团,美团外卖,蜜雪冰城', 'last_modify_ts': 1764827998000, 'note_url': 'https://www.xiaohongshu.com/explore/687262440000000017030bff?xsec_token=ABKm3WxjJ_UvKDKqRtbJ0Y_AqPrmnoovP_7SBpEhQBw_4=&xsec_source=pc_search', 'source_keyword': '', 'xsec_token': 'ABKm3WxjJ_UvKDKqRtbJ0Y_AqPrmnoovP_7SBpEhQBw_4='}
2025-12-04 13:59:58 [INFO] MediaCrawler: [XiaoHongShuCrawler.get_notice_media] Crawling image mode is not enabled
2025-12-04 13:59:58 [INFO] MediaCrawler: [store.xhs.update_xhs_note] xhs note: {'note_id': '6877302300000000220336f3', 'type': 'normal', 'title': '外卖大战的第一个牺牲者诞生了！', 'desc': '办公楼下的星巴克，开了十几年了吧。以前门庭若市，自从同一栋办公楼里开了库迪、瑞幸，更是在这一波外卖大战中终于关门了。星爸爸的B格在2.9元自取的库迪面前毫无招架之力[笑哭R]\n当年在星巴克喝十倍价格摆开笔记本畅聊商业计划的伙伴们还好吗？重视拿铁因素的我是一杯自费的星巴克都没喝过，但不妨碍我咖啡因的摄取。最近发现库迪还是贵了，古茗1块多就有!拒绝消费主义，延迟满足永不为奴!\n#星巴克[话题]# #外卖大战[话题]# #拿铁因素[话题]# #延迟满足[话题]#', 'video_url': '', 'time': 1752641571000, 'last_update_time': 1752643061000, 'user_id': '615919b3000000000201ee37', 'nickname': '智虑有失', 'avatar': 'https://sns-avatar-qc.xhscdn.com/avatar/1040g2jo316s9mj9q3q5g5oap36pgjrhnvq10j50', 'liked_count': '427', 'collected_count': '46', 'comment_count': '997', 'share_count': '40', 'ip_location': '', 'image_list': 'http://sns-webpic-qc.xhscdn.com/202512041359/34df68838448a8361870c6f2adb1100d/notes_pre_post/1040g3k831k02l5kciocg5oap36pgjrhnvtunka8!nd_dft_wlteh_webp_3', 'tag_list': '星巴克,外卖大战,拿铁因素,延迟满足', 'last_modify_ts': 1764827998000, 'note_url': 'https://www.xiaohongshu.com/explore/6877302300000000220336f3?xsec_token=ABuE4pTiLTE43WUhcx2_K-UO0cDSxuxpZmL6eRnqWMdOA=&xsec_source=pc_search', 'source_keyword': '', 'xsec_token': 'ABuE4pTiLTE43WUhcx2_K-UO0cDSxuxpZmL6eRnqWMdOA='}
2025-12-04 13:59:58 [INFO] MediaCrawler: [XiaoHongShuCrawler.get_notice_media] Crawling image mode is not enabled
2025-12-04 13:59:58 [INFO] MediaCrawler: [store.xhs.update_xhs_note] xhs note: {'note_id': '680c69be000000001c031271', 'type': 'normal', 'title': '商战中买下一周早餐', 'desc': '#美团京东大战[话题]# #星巴克薅羊毛[话题]#', 'video_url': '', 'time': 1745643966000, 'last_update_time': 1745643967000, 'user_id': '641e96c40000000012010f4b', 'nickname': '巧克力麦麦', 'avatar': 'https://sns-avatar-qc.xhscdn.com/avatar/1040g2jo310dhjf31mc005p0uir24i3qbe5c2avo', 'liked_count': '7299', 'collected_count': '3090', 'comment_count': '899', 'share_count': '4958', 'ip_location': '', 'image_list': 'http://sns-webpic-qc.xhscdn.com/202512041359/936b61d2c797f1c780744b9e2097e347/notes_pre_post/1040g3k831gnpsdqu42405p0uir24i3qbrvsc1mg!nd_dft_wlteh_webp_3,http://sns-webpic-qc.xhscdn.com/202512041359/2980560e22d8070d411356d0004f4d8f/notes_pre_post/1040g3k831gnpsdqu424g5p0uir24i3qbt80qh50!nd_dft_wlteh_webp_3,http://sns-webpic-qc.xhscdn.com/202512041359/ba4af4041bcc3bbf5d9fa464abf87df7/notes_pre_post/1040g3k831gnpsdqu42505p0uir24i3qbo9tp5j8!nd_dft_wlteh_webp_3,http://sns-webpic-qc.xhscdn.com/202512041359/a6ddf1008d5ee2b1c58e119407b4b244/notes_pre_post/1040g3k831gnpsdqu425g5p0uir24i3qb0tlhps8!nd_dft_wlteh_webp_3,http://sns-webpic-qc.xhscdn.com/202512041359/f8eaf544fb0dc787d7d2faf84d454127/notes_pre_post/1040g3k831gnpsdqu42605p0uir24i3qbdsuj3no!nd_dft_wlteh_webp_3', 'tag_list': '美团京东大战,星巴克薅羊毛', 'last_modify_ts': 1764827998004, 'note_url': 'https://www.xiaohongshu.com/explore/680c69be000000001c031271?xsec_token=ABI53UIR7PL7Cgw_tIzbUDb1P-cIBNVwRut9jVeh2XhEQ=&xsec_source=pc_search', 'source_keyword': '', 'xsec_token': 'ABI53UIR7PL7Cgw_tIzbUDb1P-cIBNVwRut9jVeh2XhEQ='}
2025-12-04 13:59:58 [INFO] MediaCrawler: [XiaoHongShuCrawler.get_notice_media] Crawling image mode is not enabled
2025-12-04 13:59:58 [INFO] MediaCrawler: [store.xhs.update_xhs_note] xhs note: {'note_id': '6896ca75000000002302bbaa', 'type': 'normal', 'title': '白月光归国后加入了外卖大战1', 'desc': '前情提要：妹是高中时期喜欢此男，此男当时一心只想提高妹的成绩，当时就没答应妹宝的告白。\n其实还有好多可以说的，我就先不剧透了❗️\n#bg[话题]# #言情[话题]# #言情[话题]# #白月光[话题]# #求而不得[话题]# #外卖[话题]# #秋天第一杯奶茶[话题]# #反追[话题]#', 'video_url': '', 'time': 1754712693000, 'last_update_time': 1754788931000, 'user_id': '6599625700000000220171d1', 'nickname': '明烛疏雨', 'avatar': 'https://sns-avatar-qc.xhscdn.com/avatar/1040g2jo31pgor76q2o0g5pcpc9boisehmddd6mo', 'liked_count': '2963', 'collected_count': '245', 'comment_count': '786', 'share_count': '58', 'ip_location': '', 'image_list': 'http://sns-webpic-qc.xhscdn.com/202512041359/93b51fa1038d207fa80e2d1fa6b920f0/1040g2sg31kuu7iva32705pcpc9boisehr6dipc8!nd_dft_wlteh_webp_3,http://sns-webpic-qc.xhscdn.com/202512041359/da12ba387907e216537b0f23c6b32b89/1040g2sg31kuu7iva327g5pcpc9boiseh3voqp50!nd_dft_wlteh_webp_3,http://sns-webpic-qc.xhscdn.com/202512041359/63a39df557c6f72015893f1aec0b6379/1040g2sg31kuu7iva32905pcpc9boisehe7mo7a0!nd_dft_wlteh_webp_3,http://sns-webpic-qc.xhscdn.com/202512041359/f249518c4eca341afe6c47fc25a4c5a5/1040g2sg31kuu7iva32805pcpc9boiseha0kkmq0!nd_dft_wlteh_webp_3,http://sns-webpic-qc.xhscdn.com/202512041359/bcdc43da60c817253ee152a52497ef47/1040g2sg31kuu7iva329g5pcpc9boisehta5g5ag!nd_dft_wlteh_webp_3,http://sns-webpic-qc.xhscdn.com/202512041359/529ead06fe708353e3b6950ffe473daf/1040g2sg31kuu7iva328g5pcpc9boisehv4shf90!nd_dft_wlteh_webp_3,http://sns-webpic-qc.xhscdn.com/202512041359/70cbb232171cac6593dc250f095fc5fc/1040g2sg31kuu7iva32ag5pcpc9boisehvnseak0!nd_dft_wlteh_webp_3,http://sns-webpic-qc.xhscdn.com/202512041359/188216954a075726117f586f1120a98a/1040g2sg31kuu7iva32a05pcpc9boisehpc218k0!nd_dft_wlteh_webp_3,http://sns-webpic-qc.xhscdn.com/202512041359/c1e3ad7d35136538ab3d45dfd4394acd/1040g2sg31kuu7iva32b05pcpc9boiseh8q95rdg!nd_dft_wlteh_webp_3,http://sns-webpic-qc.xhscdn.com/202512041359/c6851cc0500905ea9b2790e50ec7ddf6/1040g2sg31kuu7iva32bg5pcpc9boisehivcp9eg!nd_dft_wlteh_webp_3', 'tag_list': 'bg,言情,白月光,求而不得,外卖,秋天第一杯奶茶,反追', 'last_modify_ts': 1764827998015, 'note_url': 'https://www.xiaohongshu.com/explore/6896ca75000000002302bbaa?xsec_token=ABj-U40oAwF118kh4S6MY5SvkrgOIywddteoCh02eACxY=&xsec_source=pc_search', 'source_keyword': '', 'xsec_token': 'ABj-U40oAwF118kh4S6MY5SvkrgOIywddteoCh02eACxY='}
2025-12-04 13:59:58 [INFO] MediaCrawler: [XiaoHongShuCrawler.get_notice_media] Crawling image mode is not enabled
2025-12-04 13:59:58 [INFO] MediaCrawler: [store.xhs.update_xhs_note] xhs note: {'note_id': '692a9a06000000001e00d24c', 'type': 'normal', 'title': '外卖大战的代价', 'desc': '克劳塞维茨在《战争论》里说：任何战斗都是双方物质力量和精神力量以流血和破坏的方式进行的较量。\n\t\n外卖大战对双方的折磨充分体现在各家的三季报。美团经营利润跌掉 198 亿元，造成上市以来最大亏损。有淘宝造血的阿里，三季度经营利润从 352 亿元跌到 54 亿元，少了 85%。\n\t\n亏损主要因为销售费用激增，主要是今年秋天的外卖补贴。美团三季度销售费用超过了成交额大它快一倍的拼多多。\n\t\n算下来，2025 年二三季度，阿里、美团和京东半年一共烧了超过 1000 亿元。京东在三季度减少投入的情况下，经营利润从 120 亿元转为亏损 10.5 亿元。\n\t\n效率是决定外卖补贴能否持续的根本。\n\t\n二季度阿里说规模提升会让经济模型（UE）亏损缩小一半，本季度基本做到了，因为笔单价提升、非茶饮订单提升至 75%、单均履约成本下降 0.5 元。美团则强调质量，超七成订单价格在 30 元以上。\n\t\n阿里对投资方说，淘宝闪购餐饮外卖 11 月 GMV 市场份额增至 40%——但分母是行业前两名，如果加上京东，它的份额会有所降低。\n\t\n本周营收会上，阿里说下个季度在闪购的投入会显著收缩，而在 AI 基础设施上可能会进一步增投。\n\t\n我们独家了解到，淘宝闪购接下来会在关键时段补贴餐饮外卖，以耗住美团，并计划在明年春天再次发起即时零售大战，重点补贴非餐货品，不会像今年夏天一样发起全面大战。\n\t\n而美团 CEO 王兴说，外卖价格战是低质低价的“内卷式”竞争，坚决反对，也不可持续，但美团预计下季度经营亏损趋势仍会延续。据我们了解，美团认为冬季兼职骑手会变少，可以抢回一部分市场份额。\n\t\n外卖大战也在考验餐饮品牌的效率。目前上市的茶饮咖啡品牌多在港股，只有美股上市的瑞幸、霸王茶姬发布三季报。瑞幸营收环比大幅增长，净利润几乎持平 —— 送了更多饮品，但付了 29 亿配送费，没有赚到更多钱。而霸王茶姬的成交额、营收、净利润都在下跌。\n\t\n没有参战的抖音和拼多多暗度陈仓。抖音到店和电商都在加速逼近第一名，拼多多电商和社区团购继续增长，储备更多现金。#晚点latepost[话题]# #商业[话题]# #外卖[话题]# #美团[话题]# #淘宝[话题]# #阿里[话题]# #京东[话题]# #淘宝闪购[话题]# #奶茶[话题]#  #互联网大厂[话题]#', 'video_url': '', 'time': 1764399622000, 'last_update_time': 1764399623000, 'user_id': '640af6f5000000001001f56b', 'nickname': '晚点编辑部', 'avatar': 'https://sns-avatar-qc.xhscdn.com/avatar/1040g2jo31eicm913h2005p0aurqk3tbbhfermio', 'liked_count': '3766', 'collected_count': '1193', 'comment_count': '777', 'share_count': '2158', 'ip_location': '北京', 'image_list': 'http://sns-webpic-qc.xhscdn.com/202512041359/c87d680c5b9cf97ae2d9eff8c9319f4b/spectrum/1040g34o31pf9ct6f2a105p0aurqk3tbbgtuu4b8!nd_dft_wlteh_webp_3,http://sns-webpic-qc.xhscdn.com/202512041359/5e7b2c95a8f0e60ed6a714e509a4fb45/spectrum/1040g34o31pf9d02u2c105p0aurqk3tbb8itucl8!nd_dft_wlteh_webp_3,http://sns-webpic-qc.xhscdn.com/202512041359/67c093fbf0dc04c3806a59dbd8a33e29/spectrum/1040g34o31pf9d1tm2c105p0aurqk3tbbnfn68d8!nd_dft_wlteh_webp_3,http://sns-webpic-qc.xhscdn.com/202512041359/61af62ec1607b875df6da673c8542faf/spectrum/1040g0k031pf9d3i93k005p0aurqk3tbbfttsjbo!nd_dft_wlteh_webp_3,http://sns-webpic-qc.xhscdn.com/202512041359/16d424fc5623a139c651d2ba6dcd060f/spectrum/1040g0k031pf9d58v2a005p0aurqk3tbb580t6dg!nd_dft_wlteh_webp_3,http://sns-webpic-qc.xhscdn.com/202512041359/e43ecee226e1b635b7481421a8a3cd84/spectrum/1040g34o31pf9d7iui4105p0aurqk3tbbf8568j8!nd_dft_wlteh_webp_3,http://sns-webpic-qc.xhscdn.com/202512041359/f144f68cf45aa57bfa2e00a1fde76c6e/spectrum/1040g0k031pf9da9f26005p0aurqk3tbbu9pcnl8!nd_dft_wlteh_webp_3,http://sns-webpic-qc.xhscdn.com/202512041359/cbbbc06d85530a91120384fb7c9c7aff/spectrum/1040g34o31pf9df2hic105p0aurqk3tbb7rvtl0g!nd_dft_wlteh_webp_3', 'tag_list': '晚点latepost,商业,外卖,美团,淘宝,阿里,京东,淘宝闪购,奶茶,互联网大厂', 'last_modify_ts': 1764827998018, 'note_url': 'https://www.xiaohongshu.com/explore/692a9a06000000001e00d24c?xsec_token=AB_uS4_aerrpMOBR1VU6Q7FFzO3ghhBah8gZk3n7oCOnc=&xsec_source=pc_search', 'source_keyword': '', 'xsec_token': 'AB_uS4_aerrpMOBR1VU6Q7FFzO3ghhBah8gZk3n7oCOnc='}
2025-12-04 13:59:58 [INFO] MediaCrawler: [XiaoHongShuCrawler.get_notice_media] Crawling image mode is not enabled
2025-12-04 13:59:58 [INFO] MediaCrawler: [store.xhs.update_xhs_note] xhs note: {'note_id': '6873220200000000170366b3', 'type': 'normal', 'title': '说不给就不给了', 'desc': '#外卖大战[话题]# #0元购[话题]# #外卖商战[话题]#', 'video_url': '', 'time': 1752375810000, 'last_update_time': 1752375811000, 'user_id': '5be90256a8b0ea0001a7d3cf', 'nickname': '雯雯）', 'avatar': 'https://sns-avatar-qc.xhscdn.com/avatar/1040g2jo31c45q77oh0004bq4bu15dkufk0ugpio', 'liked_count': '5169', 'collected_count': '380', 'comment_count': '685', 'share_count': '221', 'ip_location': '', 'image_list': 'http://sns-webpic-qc.xhscdn.com/202512041359/302509613b08d431c07b417fd6f3122d/notes_pre_post/1040g3k031js43jmsj4004bq4bu15dkuf7fhv7go!nd_dft_wlteh_webp_3', 'tag_list': '外卖大战,0元购,外卖商战', 'last_modify_ts': 1764827998023, 'note_url': 'https://www.xiaohongshu.com/explore/6873220200000000170366b3?xsec_token=ABPKPIDPhCuBP6xWatKQztuk0oXyIvx7FxMno8NSRio-8=&xsec_source=pc_search', 'source_keyword': '', 'xsec_token': 'ABPKPIDPhCuBP6xWatKQztuk0oXyIvx7FxMno8NSRio-8='}
2025-12-04 13:59:58 [INFO] MediaCrawler: [XiaoHongShuCrawler.get_notice_media] Crawling image mode is not enabled
2025-12-04 13:59:58 [INFO] MediaCrawler: [store.xhs.update_xhs_note] xhs note: {'note_id': '6854cbc70000000015023851', 'type': 'normal', 'title': '外卖大战的1元奶茶，年轻人喝不动了', 'desc': '618结束，持续数月的外卖大战，以每人平均胖3斤的战果，也阶段性告一段落。因为很多人实在喝不下去了。\n回顾平均每天一杯奶茶、一杯咖啡的日子，从结果上看，更多是一场高补贴刺激下的单品泡沫狂欢。就当大众以为行业老大会失血过多的时候，雷锋网近日报道称，美团外卖日均单量连日超过9000万单，较去年同期大涨30%，市场份额依然是70%左右。整个外卖市场扩容了，美团还在继续增长，而这个增量，并非来自奶咖的混合炸弹，而是刚需的一日三餐。\n\ufeff#618[话题]#\ufeff \ufeff#外卖[话题]#\ufeff \ufeff#奶茶[话题]#\ufeff', 'video_url': '', 'time': 1750391282000, 'last_update_time': 1750387655000, 'user_id': '62397e2e0000000021029618', 'nickname': '真故研究室', 'avatar': 'https://sns-avatar-qc.xhscdn.com/avatar/66323db6e1d428f374f424f0.jpg', 'liked_count': '1562', 'collected_count': '639', 'comment_count': '671', 'share_count': '785', 'ip_location': '', 'image_list': 'http://sns-webpic-qc.xhscdn.com/202512041359/b175613df9cf14ecb15bce32ef7d26f6/spectrum/1040g0k031iug2eoe1i005ohpfon8d5gocmrt4h8!nd_dft_wlteh_webp_3,http://sns-webpic-qc.xhscdn.com/202512041359/300d8314f9802ccb227df9462f0fd2ee/spectrum/1040g0k031iug2eoe1i0g5ohpfon8d5gohr99m3o!nd_dft_wlteh_webp_3,http://sns-webpic-qc.xhscdn.com/202512041359/65498c93641fc9ff6cdee044fdd10d43/spectrum/1040g0k031iug2eoe1i105ohpfon8d5goaeqpe4g!nd_dft_wlteh_webp_3,http://sns-webpic-qc.xhscdn.com/202512041359/020d18369dd3fdd60a7f382b12a6dc66/spectrum/1040g0k031iug2eoe1i1g5ohpfon8d5go0mp9atg!nd_dft_wlteh_webp_3,http://sns-webpic-qc.xhscdn.com/202512041359/0e9c5b31f9cdc06f77d91ad04d6074bc/spectrum/1040g0k031iug2eoe1i205ohpfon8d5gogudcdl0!nd_dft_wlteh_webp_3,http://sns-webpic-qc.xhscdn.com/202512041359/2ea7fc892c34a2f86223af127fc11397/spectrum/1040g0k031iug2eoe1i2g5ohpfon8d5go2cpc8v0!nd_dft_wlteh_webp_3,http://sns-webpic-qc.xhscdn.com/202512041359/02a84e18b335b9df6cd6e05e73f7d165/spectrum/1040g0k031iug2eoe1i305ohpfon8d5go0b8s9a8!nd_dft_wlteh_webp_3,http://sns-webpic-qc.xhscdn.com/202512041359/79f05e3704d5f3ccd646f993f205f74e/spectrum/1040g0k031iug2eoe1i3g5ohpfon8d5go8umls28!nd_dft_wlteh_webp_3,http://sns-webpic-qc.xhscdn.com/202512041359/b2e19b92b68bb9d4cb03b0c9023b7690/spectrum/1040g0k031iug2eoe1i405ohpfon8d5go6hef460!nd_dft_wlteh_webp_3,http://sns-webpic-qc.xhscdn.com/202512041359/bee318afa05b0a5bb8e46a7a1b1f2d92/spectrum/1040g0k031iug2eoe1i4g5ohpfon8d5go4c4if2g!nd_dft_wlteh_webp_3,http://sns-webpic-qc.xhscdn.com/202512041359/3399ceb9721d87b8260a3825a1bf7dd3/spectrum/1040g0k031iug2eoe1i505ohpfon8d5go25vlrfo!nd_dft_wlteh_webp_3,http://sns-webpic-qc.xhscdn.com/202512041359/15583a7dfef5f3fbc0e63bf32014aebf/spectrum/1040g0k031iug2eoe1i5g5ohpfon8d5gofmjna6o!nd_dft_wlteh_webp_3,http://sns-webpic-qc.xhscdn.com/202512041359/fe9fa8bb68cf710a393ebce8667e6858/spectrum/1040g0k031iug2eoe1i605ohpfon8d5goa2mbh38!nd_dft_wlteh_webp_3', 'tag_list': '618,外卖,奶茶', 'last_modify_ts': 1764827998031, 'note_url': 'https://www.xiaohongshu.com/explore/6854cbc70000000015023851?xsec_token=ABcP8h6b6YOPlQUguHpC5wko6Hk_15kfjUeADz5LIqyf8=&xsec_source=pc_search', 'source_keyword': '', 'xsec_token': 'ABcP8h6b6YOPlQUguHpC5wko6Hk_15kfjUeADz5LIqyf8='}
2025-12-04 13:59:58 [INFO] MediaCrawler: [XiaoHongShuCrawler.get_notice_media] Crawling image mode is not enabled
2025-12-04 13:59:58 [INFO] MediaCrawler: [XiaoHongShuCrawler.batch_get_note_comments] Begin batch get note comments, note list: ['686923d9000000000b02ffdf', '68298dc40000000023003401', '687262440000000017030bff', '6877302300000000220336f3', '680c69be000000001c031271', '6896ca75000000002302bbaa', '692a9a06000000001e00d24c', '6873220200000000170366b3', '6854cbc70000000015023851']
2025-12-04 13:59:58 [INFO] MediaCrawler: [XiaoHongShuCrawler.get_comments] Begin get note id comments 686923d9000000000b02ffdf
2025-12-04 14:00:02 [INFO] MediaCrawler: [XiaoHongShuCrawler.get_comments] Begin get note id comments 68298dc40000000023003401
2025-12-04 14:00:03 [ERROR] asyncio: Task was destroyed but it is pending!
task: <Task pending name='68298dc40000000023003401' coro=<XiaoHongShuCrawler.get_comments() running at d:\VSCODE\MC_for_xhs\media_platform\xhs\core.py:350> wait_for=<Future finished result=None> cb=[gather.<locals>._done_callback() at D:\Users\35056\anaconda3\envs\mediacrawler\Lib\asyncio\tasks.py:764]>
2025-12-04 14:00:03 [ERROR] asyncio: Future exception was never retrieved
future: <Future finished exception=TargetClosedError('Target page, context or browser has been closed')>
Traceback (most recent call last):
  File "D:\Users\35056\anaconda3\envs\mediacrawler\Lib\site-packages\tenacity\_asyncio.py", line 50, in __call__
    result = await fn(*args, **kwargs)
             ^^^^^^^^^^^^^^^^^^^^^^^^^
  File "d:\VSCODE\MC_for_xhs\media_platform\xhs\client.py", line 149, in request
    raise DataFetchError(err_msg)
media_platform.xhs.exception.DataFetchError: 登录已过期

The above exception was the direct cause of the following exception:

Traceback (most recent call last):
  File "d:\VSCODE\MC_for_xhs\main.py", line 198, in <module>
    asyncio.get_event_loop().run_until_complete(main())
  File "D:\Users\35056\anaconda3\envs\mediacrawler\Lib\asyncio\base_events.py", line 654, in run_until_complete
    return future.result()
           ^^^^^^^^^^^^^^^
  File "d:\VSCODE\MC_for_xhs\main.py", line 120, in main
    await crawler.start()
  File "d:\VSCODE\MC_for_xhs\media_platform\xhs\core.py", line 121, in start
    await self.get_specified_notes()
  File "d:\VSCODE\MC_for_xhs\media_platform\xhs\core.py", line 277, in get_specified_notes
    await self.batch_get_note_comments(need_get_comment_note_ids, xsec_tokens)
  File "d:\VSCODE\MC_for_xhs\media_platform\xhs\core.py", line 342, in batch_get_note_comments
    await asyncio.gather(*task_list)
  File "d:\VSCODE\MC_for_xhs\media_platform\xhs\core.py", line 350, in get_comments
    await self.xhs_client.get_note_all_comments(
  File "d:\VSCODE\MC_for_xhs\media_platform\xhs\client.py", line 394, in get_note_all_comments
    comments_res = await self.get_note_comments(
                   ^^^^^^^^^^^^^^^^^^^^^^^^^^^^^
  File "d:\VSCODE\MC_for_xhs\media_platform\xhs\client.py", line 337, in get_note_comments
    return await self.get(uri, params)
           ^^^^^^^^^^^^^^^^^^^^^^^^^^^
  File "d:\VSCODE\MC_for_xhs\media_platform\xhs\client.py", line 164, in get
    return await self.request(
           ^^^^^^^^^^^^^^^^^^^
  File "D:\Users\35056\anaconda3\envs\mediacrawler\Lib\site-packages\tenacity\_asyncio.py", line 88, in async_wrapped
    return await fn(*args, **kwargs)
           ^^^^^^^^^^^^^^^^^^^^^^^^^
  File "D:\Users\35056\anaconda3\envs\mediacrawler\Lib\site-packages\tenacity\_asyncio.py", line 47, in __call__
    do = self.iter(retry_state=retry_state)
         ^^^^^^^^^^^^^^^^^^^^^^^^^^^^^^^^^^
  File "D:\Users\35056\anaconda3\envs\mediacrawler\Lib\site-packages\tenacity\__init__.py", line 326, in iter
    raise retry_exc from fut.exception()
tenacity.RetryError: RetryError[<Future at 0x23dd449c210 state=finished raised DataFetchError>]

During handling of the above exception, another exception occurred:

Traceback (most recent call last):
  File "D:\Users\35056\anaconda3\envs\mediacrawler\Lib\site-packages\playwright\_impl\_connection.py", line 512, in wrap_api_call
    return await cb()
           ^^^^^^^^^^
  File "D:\Users\35056\anaconda3\envs\mediacrawler\Lib\site-packages\playwright\_impl\_connection.py", line 85, in inner_send
    callback = self._connection._send_message_to_server(
               ^^^^^^^^^^^^^^^^^^^^^^^^^^^^^^^^^^^^^^^^^
  File "D:\Users\35056\anaconda3\envs\mediacrawler\Lib\site-packages\playwright\_impl\_connection.py", line 316, in _send_message_to_server
    raise self._closed_error
  File "D:\Users\35056\anaconda3\envs\mediacrawler\Lib\site-packages\playwright\_impl\_fetch.py", line 102, in dispose
    await self._channel.send("dispose", {"reason": reason})
  File "D:\Users\35056\anaconda3\envs\mediacrawler\Lib\site-packages\playwright\_impl\_connection.py", line 59, in send
    return await self._connection.wrap_api_call(
           ^^^^^^^^^^^^^^^^^^^^^^^^^^^^^^^^^^^^^
  File "D:\Users\35056\anaconda3\envs\mediacrawler\Lib\site-packages\playwright\_impl\_connection.py", line 506, in wrap_api_call
    return await cb()
           ^^^^^^^^^^
  File "D:\Users\35056\anaconda3\envs\mediacrawler\Lib\site-packages\playwright\_impl\_connection.py", line 85, in inner_send
    callback = self._connection._send_message_to_server(
               ^^^^^^^^^^^^^^^^^^^^^^^^^^^^^^^^^^^^^^^^^
  File "D:\Users\35056\anaconda3\envs\mediacrawler\Lib\site-packages\playwright\_impl\_connection.py", line 316, in _send_message_to_server
    raise self._closed_error
playwright._impl._errors.TargetClosedError: Target page, context or browser has been closed
2025-12-04 14:00:03 [ERROR] asyncio: Task was destroyed but it is pending!
task: <Task pending name='6854cbc70000000015023851' coro=<XiaoHongShuCrawler.get_comments() running at d:\VSCODE\MC_for_xhs\media_platform\xhs\core.py:346> wait_for=<Future pending cb=[Task.task_wakeup()]> cb=[gather.<locals>._done_callback() at D:\Users\35056\anaconda3\envs\mediacrawler\Lib\asyncio\tasks.py:764]>
2025-12-04 14:00:03 [ERROR] asyncio: Task was destroyed but it is pending!
task: <Task pending name='6873220200000000170366b3' coro=<XiaoHongShuCrawler.get_comments() running at d:\VSCODE\MC_for_xhs\media_platform\xhs\core.py:346> wait_for=<Future pending cb=[Task.task_wakeup()]> cb=[gather.<locals>._done_callback() at D:\Users\35056\anaconda3\envs\mediacrawler\Lib\asyncio\tasks.py:764]>
2025-12-04 14:00:03 [ERROR] asyncio: Task was destroyed but it is pending!
task: <Task pending name='692a9a06000000001e00d24c' coro=<XiaoHongShuCrawler.get_comments() running at d:\VSCODE\MC_for_xhs\media_platform\xhs\core.py:346> wait_for=<Future pending cb=[Task.task_wakeup()]> cb=[gather.<locals>._done_callback() at D:\Users\35056\anaconda3\envs\mediacrawler\Lib\asyncio\tasks.py:764]>
2025-12-04 14:00:03 [ERROR] asyncio: Task was destroyed but it is pending!
task: <Task pending name='6896ca75000000002302bbaa' coro=<XiaoHongShuCrawler.get_comments() running at d:\VSCODE\MC_for_xhs\media_platform\xhs\core.py:346> wait_for=<Future pending cb=[Task.task_wakeup()]> cb=[gather.<locals>._done_callback() at D:\Users\35056\anaconda3\envs\mediacrawler\Lib\asyncio\tasks.py:764]>
2025-12-04 14:00:03 [ERROR] asyncio: Task was destroyed but it is pending!
task: <Task pending name='680c69be000000001c031271' coro=<XiaoHongShuCrawler.get_comments() running at d:\VSCODE\MC_for_xhs\media_platform\xhs\core.py:346> wait_for=<Future pending cb=[Task.task_wakeup()]> cb=[gather.<locals>._done_callback() at D:\Users\35056\anaconda3\envs\mediacrawler\Lib\asyncio\tasks.py:764]>
2025-12-04 14:00:03 [ERROR] asyncio: Task was destroyed but it is pending!
task: <Task pending name='6877302300000000220336f3' coro=<XiaoHongShuCrawler.get_comments() running at d:\VSCODE\MC_for_xhs\media_platform\xhs\core.py:346> wait_for=<Future pending cb=[Task.task_wakeup()]> cb=[gather.<locals>._done_callback() at D:\Users\35056\anaconda3\envs\mediacrawler\Lib\asyncio\tasks.py:764]>
2025-12-04 14:00:03 [ERROR] asyncio: Task was destroyed but it is pending!
task: <Task pending name='687262440000000017030bff' coro=<XiaoHongShuCrawler.get_comments() running at d:\VSCODE\MC_for_xhs\media_platform\xhs\core.py:346> wait_for=<Future finished result=True> cb=[gather.<locals>._done_callback() at D:\Users\35056\anaconda3\envs\mediacrawler\Lib\asyncio\tasks.py:764]>
